// Jest Snapshot v1, https://goo.gl/fbAQLP

exports[`should render ExpenseListItem with first expense in the array 1`] = `
<div>
  <Link
    to="/edit/1"
  >
    <h3>
      Marijuana
    </h3>
  </Link>
  <p>
    191500
     - 
    0
  </p>
</div>
`;
